// Jest Snapshot v1, https://goo.gl/fbAQLP

exports[`snapshot 1`] = `
<div
  class="product-grid"
  id="product-grid"
>
  <h1
    class="product-grid__header"
  >
    All Products
  </h1>
  <div
    class="product-grid__items"
  >
    <div
      class="product-tile"
      data-testid="product-tile"
      id="product-tile"
    >
      <a
        class="product-tile__content"
        href="/product/0"
      >
        <img
          alt="logo"
          class="product-tile__img"
          src="1"
        />
        <div
          class="product-tile__name"
        >
          Product 1
        </div>
        <div
          class="product-tile__price"
        >
          <span>
            $
          </span>
          5
        </div>
      </a>
    </div>
    <div
      class="product-tile"
      data-testid="product-tile"
      id="product-tile"
    >
      <a
        class="product-tile__content"
        href="/product/1"
      >
        <img
          alt="logo"
          class="product-tile__img"
          src="1"
        />
        <div
          class="product-tile__name"
        >
          Product 2
        </div>
        <div
          class="product-tile__price"
        >
          <span>
            $
          </span>
          5
        </div>
      </a>
    </div>
    <div
      class="product-tile"
      data-testid="product-tile"
      id="product-tile"
    >
      <a
        class="product-tile__content"
        href="/product/2"
      >
        <img
          alt="logo"
          class="product-tile__img"
          src="1"
        />
        <div
          class="product-tile__name"
        >
          Product 3
        </div>
        <div
          class="product-tile__price"
        >
          <span>
            $
          </span>
          5
        </div>
      </a>
    </div>
  </div>
</div>
`;
